==================== 2026-06-08T23:19:51.354699Z | 019ea989-0b30-70a3-b167-bfec774e7172 ====================
23:19:51.357053 [info ]: dbt-fusion 2.0.0-preview.183
23:19:51.359764 [info ]: Started loading project
23:19:51.381955 [info ]: Loading ~/.dbt/profiles.yml
23:19:51.385105 [info ]: Finished loading project [  0.03s]
23:19:51.388146 [error]: [IoError (dbt1001)]: Profile 'credit_risk_analytics' not found in profiles.yml
  --> dbt_project.yml:5:10
23:19:51.931359 [info ]: 
==================== Execution Summary =====================
Finished 'debug' with 1 error [576ms]
==================== 2026-06-08T23:20:12.693264Z | 019ea989-5e93-7693-9ee9-6bbb7102bbd9 ====================
23:20:12.693341 [info ]: dbt-fusion 2.0.0-preview.183
23:20:12.693475 [info ]: Started loading project
23:20:12.694590 [info ]: Loading ~/.dbt/profiles.yml
23:20:12.700840 [info ]: Finished loading project [  0.01s]
23:20:12.701326 [info ]: Started debugging
23:20:12.702227 [info ]: Debugging profile: dev
23:20:12.702254 [info ]: Debugging dbt version: 2.0.0-preview.183
23:20:12.702264 [info ]: Debugging platform: macos aarch64 (unix)
23:20:12.702681 [info ]: Debugging adapter type: snowflake (remote)
23:20:12.723195 [info ]: Debugging dependencies:
  git: OK
23:20:12.725505 [info ]: Debugging connection:
  "account": "RAUXMEW-TJB99155",
  "user": "PSISTA",
  "database": "BANKING_DEV_DB",
  "warehouse": "DE_DEV_WH",
  "schema": "RAW",
  "role": "DE_TRANSFORM_ADMIN_ROLE"
23:20:16.553303 [debug]: Query executed on node unknown:
select 1 as id
23:20:16.555827 [info ]: Debugging connection test: OK
23:20:16.556424 [info ]: Debugged All checks passed!
23:20:16.556941 [info ]: Finished debugging [  3.86s]
23:20:16.900341 [info ]: New version available 2.0.0-preview.186 (run `dbt system update`)
23:20:16.991956 [info ]: 
==================== Execution Summary =====================
Finished 'debug' successfully for target 'dev' [4.3s]
==================== 2026-06-09T04:55:36.793187Z | 019eaabc-704f-78e0-a64b-94644b606f80 ====================
04:55:36.795214 [info ]: dbt-fusion 2.0.0-preview.183
04:55:37.422469 [info ]: 
==================== Execution Summary =====================
Finished 'deps' successfully [629ms]
==================== 2026-06-09T05:00:00.074111Z | 019eaac0-74c8-75a0-9b88-8fbaa7ed5c5e ====================
05:00:00.074181 [info ]: dbt-fusion 2.0.0-preview.183
05:00:00.446112 [info ]: 
==================== Execution Summary =====================
Finished 'deps' successfully [372ms]
==================== 2026-06-09T05:10:41.765308Z | 019eaaca-3f63-7711-a59a-b86096c8fe03 ====================
05:10:41.765466 [info ]: dbt-fusion 2.0.0-preview.183
05:10:41.765519 [info ]: Started cleaning
05:10:41.766702 [info ]: Started loading project
05:10:41.767757 [info ]: Loading ~/.dbt/profiles.yml
05:10:41.768108 [info ]: Finished loading project [  0.00s]
05:10:41.771948 [info ]: Removing target
05:10:41.773638 [info ]: Removing dbt_packages
05:10:41.773849 [info ]: Finished cleaning [  0.01s]
05:10:42.350225 [info ]: 
==================== Execution Summary =====================
Finished 'clean' successfully [584ms]
==================== 2026-06-09T05:11:34.484485Z | 019eaacb-0d52-77e2-9639-ef096c177cbc ====================
05:11:34.484566 [info ]: dbt-fusion 2.0.0-preview.183
05:11:34.768479 [info ]: 
==================== Execution Summary =====================
Finished 'deps' successfully [283ms]
==================== 2026-06-09T05:18:20.645495Z | 019eaad1-3fe4-7c60-836a-71d9ef651b0c ====================
05:18:20.645574 [info ]: dbt-fusion 2.0.0-preview.183
05:18:20.654026 [info ]:    Started resolving packages from packages.yml
05:18:20.826143 [info ]:     Failed [  0.17s] resolving packages from packages.yml (error: No compatible versions found for package 'dbt-labs/dbt_project_evaluator')
05:18:20.826323 [error]: [InvalidConfig (dbt1005)]: No compatible versions found for package 'dbt-labs/dbt_project_evaluator'
05:18:21.064560 [info ]: 
==================== Execution Summary =====================
Finished 'deps' with 1 error [419ms]
==================== 2026-06-09T05:25:27.001192Z | 019eaad7-c157-7202-9365-2d79a0ab76d8 ====================
05:25:27.001276 [info ]: dbt-fusion 2.0.0-preview.183
05:25:27.010848 [info ]: Loading packages.yml
05:25:27.010949 [info ]: Installing packages
05:25:27.062408 [info ]: Installing dbt-labs/dbt_project_evaluator
05:25:27.748748 [info ]:  Installed dbt-labs/dbt_project_evaluator: 1.3.0
05:25:27.748815 [info ]: Installing dbt-labs/dbt_utils
05:25:28.000605 [info ]:  Installed dbt-labs/dbt_utils: 1.3.3
05:25:28.000766 [info ]:  Installed 2 packages
05:25:28.092253 [info ]: 
==================== Execution Summary =====================
Finished 'deps' successfully [1.1s]
